<?xml version="1.0" encoding="utf-8"?>
<TestRun id="948237b2-0282-4613-a505-2ed53f606799" name="VINICIUS@DESKTOP-4VDN6JG 2026-10-07 14:55:10" runUser="DESKTOP-4VDN6JG\VINICIUS" xmlns="http://microsoft.com/schemas/VisualStudio/TeamTest/2010">
  <Times creation="2026-10-07T14:55:10.3419128-03:00" queuing="2026-10-07T14:55:10.3419132-03:00" start="2026-10-07T14:55:09.5924690-03:00" finish="2026-10-07T14:55:10.3485559-03:00" />
  <TestSettings name="default" id="bb0175eb-9339-4920-8cb1-c2649f995e5e">
    <Deployment runDeploymentRoot="VINICIUS_DESKTOP-4VDN6JG_2026-10-07_14_55_10" />
  </TestSettings>
  <Results>
    <UnitTestResult executionId="b1409abe-0d6c-47bc-930c-d859bdd3b3f3" testId="d13ab1e7-8f99-e7d1-bc52-9880e7fddba7" testName="Bot_60Minutos_Fase2" computerName="DESKTOP-4VDN6JG" duration="00:00:00.2593400" startTime="2026-10-07T14:55:09.9742686-03:00" endTime="2026-10-07T14:55:10.2335640-03:00" testType="13cdc9d9-ddb5-4fa4-a97d-d965ccfc6d4b" outcome="Passed" testListId="8c84fa94-04c1-424b-9868-57a2d4851a1d" relativeResultsDirectory="b1409abe-0d6c-47bc-930c-d859bdd3b3f3">
      <Output>
        <StdOut>2:23 marco 0 (15 espadas!) bateu&#xD;
  2:24 bau 0 (15 espadas!) aberto, +60&#xD;
AUTOPLAY t=5:00 gold=140 earned=390 upgrades=4 sales=39 lost=8 away=12 maxq=4 walk=92s ema=1.53/s joias=0&#xD;
  6:18 marco 1 (50 vendas!) bateu&#xD;
  6:20 bau 1 (50 vendas!) aberto, +250&#xD;
AUTOPLAY t=10:00 gold=385 earned=1680 upgrades=9 sales=126 lost=21 away=41 maxq=4 walk=179s ema=5.93/s joias=0&#xD;
  12:17 marco 3 (200 vendas!) bateu&#xD;
  12:18 bau 3 (200 vendas!) aberto, +1200&#xD;
AUTOPLAY t=15:00 gold=1014 earned=3914 upgrades=13 sales=281 lost=33 away=241 maxq=6 walk=263s ema=7.55/s joias=0&#xD;
AUTOPLAY t=20:00 gold=601 earned=6181 upgrades=15 sales=436 lost=59 away=493 maxq=6 walk=349s ema=8.56/s joias=0&#xD;
  23:54 marco 2 (10 joias!) bateu&#xD;
  24:02 bau 2 (10 joias!) aberto, +600&#xD;
AUTOPLAY t=25:00 gold=1745 earned=10210 upgrades=17 sales=657 lost=82 away=726 maxq=6 walk=435s ema=16.07/s joias=17&#xD;
AUTOPLAY t=30:00 gold=4386 earned=15051 upgrades=18 sales=880 lost=104 away=989 maxq=6 walk=525s ema=15.47/s joias=52&#xD;
AUTOPLAY t=35:00 gold=3638 earned=19803 upgrades=19 sales=1096 lost=133 away=1253 maxq=6 walk=612s ema=15.55/s joias=88&#xD;
AUTOPLAY t=40:00 gold=8492 earned=24657 upgrades=19 sales=1311 lost=163 away=1516 maxq=6 walk=700s ema=15.83/s joias=126&#xD;
AUTOPLAY t=45:00 gold=4213 earned=29378 upgrades=20 sales=1523 lost=197 away=1801 maxq=6 walk=790s ema=16.97/s joias=162&#xD;
AUTOPLAY t=50:00 gold=8930 earned=34095 upgrades=20 sales=1739 lost=235 away=2085 maxq=6 walk=876s ema=15.01/s joias=197&#xD;
AUTOPLAY t=55:00 gold=13676 earned=38841 upgrades=20 sales=1957 lost=274 away=2367 maxq=6 walk=969s ema=15.79/s joias=232&#xD;
AUTOPLAY t=60:00 gold=18412 earned=43577 upgrades=20 sales=2167 lost=310 away=2660 maxq=6 walk=1062s ema=15.30/s joias=269&#xD;
&#xD;
primeira venda: 0:19&#xD;
  0:53  FurnaceSpeed1 (50 ouro)&#xD;
  1:59  Anvil2 (65 ouro)&#xD;
  2:31  Helper1 (85 ouro)&#xD;
  3:39  Shields (110 ouro)&#xD;
  5:08  PlayerCapacity (145 ouro)&#xD;
  6:26  Helper2 (185 ouro)&#xD;
  6:31  Conveyor (240 ouro)&#xD;
  7:42  FurnaceSpeed2 (315 ouro)&#xD;
  9:01  PlayerSpeed (410 ouro)&#xD;
  10:20  Tools (530 ouro)&#xD;
  11:54  CounterCapacity (690 ouro)&#xD;
  12:52  Furnace2 (895 ouro)&#xD;
  15:29  Helper3 (1165 ouro)&#xD;
  18:55  HelperSpeed (1515 ouro)&#xD;
  23:57  HammerSpeed (1970 ouro)&#xD;
  12:21  SideCorridor (690 ouro)&#xD;
  21:32  Jewelry (1515 ouro)&#xD;
  25:25  Jeweler (2200 ouro)&#xD;
  31:12  JewelSpeed (5500 ouro)&#xD;
  40:41  JewelVitrine (9000 ouro)&#xD;
  Fornalha     fome=  616s travada=  188s feitos=1651&#xD;
  Fornalha 2   fome=  821s travada=   71s feitos=1181&#xD;
  Bigorna      fome=  202s travada=  125s feitos=930&#xD;
  Bigorna 2    fome= 2834s travada=    3s feitos=129&#xD;
  Escudos      fome= 1266s travada=   22s feitos=379&#xD;
  Ferramentas  fome= 1286s travada=   58s feitos=462&#xD;
  Joalheria    fome= 1095s travada=   38s feitos=271&#xD;
  andar sem decisao: 1062s de 3600s (29%)&#xD;
  clientes perdidos=310 sem vaga=2660 fila max=6 vendas=2167&#xD;
  pads parciais:&#xD;
&#xD;
ouro/min por janela de 5 min: 0-5=78 5-10=258 10-15=446 15-20=453 20-25=805 25-30=968 30-35=950 35-40=970 40-45=944 45-50=943 50-55=949 55-60=947&#xD;
joalheiro=25:25 lupa=31:12 vitrine de joias=40:41 | tudo comprado=40:41 | joias/min: joalheria-&gt;joalheiro=5.7 joalheiro-&gt;lupa=7.0 depois de tudo=7.2 | bancada de joias sem lingote: antes do joalheiro=7% joalheiro-&gt;lupa=33% joalheiro-&gt;60 min=52% | joias=269 | baus abertos: 2:24 6:20 24:02 12:18</StdOut>
      </Output>
    </UnitTestResult>
  </Results>
  <TestDefinitions>
    <UnitTest name="Bot_60Minutos_Fase2" storage="c:\users\vinicius\videos\meus projetos\jogos novos\03_forge_street\client\tools\phase2_core_proof_20261007\bin\debug\net10.0\phase2proof.dll" id="d13ab1e7-8f99-e7d1-bc52-9880e7fddba7">
      <Execution id="b1409abe-0d6c-47bc-930c-d859bdd3b3f3" />
      <TestMethod codeBase="C:\Users\VINICIUS\Videos\MEUS PROJETOS\JOGOS NOVOS\03_FORGE_STREET\client\tools\phase2_core_proof_20261007\bin\Debug\net10.0\Phase2Proof.dll" adapterTypeName="executor://nunit3testexecutor/" className="FS.Tests.BalanceTests" name="Bot_60Minutos_Fase2" />
    </UnitTest>
  </TestDefinitions>
  <TestEntries>
    <TestEntry testId="d13ab1e7-8f99-e7d1-bc52-9880e7fddba7" executionId="b1409abe-0d6c-47bc-930c-d859bdd3b3f3" testListId="8c84fa94-04c1-424b-9868-57a2d4851a1d" />
  </TestEntries>
  <TestLists>
    <TestList name="Resultados que não estão em uma lista" id="8c84fa94-04c1-424b-9868-57a2d4851a1d" />
    <TestList name="Todos os resultados carregados" id="19431567-8539-422a-85d7-44ee4e166bda" />
  </TestLists>
  <ResultSummary outcome="Completed">
    <Counters total="1" executed="1" passed="1" failed="0" error="0" timeout="0" aborted="0" inconclusive="0" passedButRunAborted="0" notRunnable="0" notExecuted="0" disconnected="0" warning="0" completed="0" inProgress="0" pending="0" />
    <Output>
      <StdOut>NUnit Adapter 4.6.0.0: Test execution started&#xD;
Running selected tests in C:\Users\VINICIUS\Videos\MEUS PROJETOS\JOGOS NOVOS\03_FORGE_STREET\client\tools\phase2_core_proof_20261007\bin\Debug\net10.0\Phase2Proof.dll&#xD;
   NUnit3TestExecutor discovered 1 of 1 NUnit test cases using Current Discovery mode, Non-Explicit run&#xD;
  2:23 marco 0 (15 espadas!) bateu&#xD;
  2:24 bau 0 (15 espadas!) aberto, +60&#xD;
AUTOPLAY t=5:00 gold=140 earned=390 upgrades=4 sales=39 lost=8 away=12 maxq=4 walk=92s ema=1.53/s joias=0&#xD;
  6:18 marco 1 (50 vendas!) bateu&#xD;
  6:20 bau 1 (50 vendas!) aberto, +250&#xD;
AUTOPLAY t=10:00 gold=385 earned=1680 upgrades=9 sales=126 lost=21 away=41 maxq=4 walk=179s ema=5.93/s joias=0&#xD;
  12:17 marco 3 (200 vendas!) bateu&#xD;
  12:18 bau 3 (200 vendas!) aberto, +1200&#xD;
AUTOPLAY t=15:00 gold=1014 earned=3914 upgrades=13 sales=281 lost=33 away=241 maxq=6 walk=263s ema=7.55/s joias=0&#xD;
AUTOPLAY t=20:00 gold=601 earned=6181 upgrades=15 sales=436 lost=59 away=493 maxq=6 walk=349s ema=8.56/s joias=0&#xD;
  23:54 marco 2 (10 joias!) bateu&#xD;
  24:02 bau 2 (10 joias!) aberto, +600&#xD;
AUTOPLAY t=25:00 gold=1745 earned=10210 upgrades=17 sales=657 lost=82 away=726 maxq=6 walk=435s ema=16.07/s joias=17&#xD;
AUTOPLAY t=30:00 gold=4386 earned=15051 upgrades=18 sales=880 lost=104 away=989 maxq=6 walk=525s ema=15.47/s joias=52&#xD;
AUTOPLAY t=35:00 gold=3638 earned=19803 upgrades=19 sales=1096 lost=133 away=1253 maxq=6 walk=612s ema=15.55/s joias=88&#xD;
AUTOPLAY t=40:00 gold=8492 earned=24657 upgrades=19 sales=1311 lost=163 away=1516 maxq=6 walk=700s ema=15.83/s joias=126&#xD;
AUTOPLAY t=45:00 gold=4213 earned=29378 upgrades=20 sales=1523 lost=197 away=1801 maxq=6 walk=790s ema=16.97/s joias=162&#xD;
AUTOPLAY t=50:00 gold=8930 earned=34095 upgrades=20 sales=1739 lost=235 away=2085 maxq=6 walk=876s ema=15.01/s joias=197&#xD;
AUTOPLAY t=55:00 gold=13676 earned=38841 upgrades=20 sales=1957 lost=274 away=2367 maxq=6 walk=969s ema=15.79/s joias=232&#xD;
AUTOPLAY t=60:00 gold=18412 earned=43577 upgrades=20 sales=2167 lost=310 away=2660 maxq=6 walk=1062s ema=15.30/s joias=269&#xD;
&#xD;
primeira venda: 0:19&#xD;
  0:53  FurnaceSpeed1 (50 ouro)&#xD;
  1:59  Anvil2 (65 ouro)&#xD;
  2:31  Helper1 (85 ouro)&#xD;
  3:39  Shields (110 ouro)&#xD;
  5:08  PlayerCapacity (145 ouro)&#xD;
  6:26  Helper2 (185 ouro)&#xD;
  6:31  Conveyor (240 ouro)&#xD;
  7:42  FurnaceSpeed2 (315 ouro)&#xD;
  9:01  PlayerSpeed (410 ouro)&#xD;
  10:20  Tools (530 ouro)&#xD;
  11:54  CounterCapacity (690 ouro)&#xD;
  12:52  Furnace2 (895 ouro)&#xD;
  15:29  Helper3 (1165 ouro)&#xD;
  18:55  HelperSpeed (1515 ouro)&#xD;
  23:57  HammerSpeed (1970 ouro)&#xD;
  12:21  SideCorridor (690 ouro)&#xD;
  21:32  Jewelry (1515 ouro)&#xD;
  25:25  Jeweler (2200 ouro)&#xD;
  31:12  JewelSpeed (5500 ouro)&#xD;
  40:41  JewelVitrine (9000 ouro)&#xD;
  Fornalha     fome=  616s travada=  188s feitos=1651&#xD;
  Fornalha 2   fome=  821s travada=   71s feitos=1181&#xD;
  Bigorna      fome=  202s travada=  125s feitos=930&#xD;
  Bigorna 2    fome= 2834s travada=    3s feitos=129&#xD;
  Escudos      fome= 1266s travada=   22s feitos=379&#xD;
  Ferramentas  fome= 1286s travada=   58s feitos=462&#xD;
  Joalheria    fome= 1095s travada=   38s feitos=271&#xD;
  andar sem decisao: 1062s de 3600s (29%)&#xD;
  clientes perdidos=310 sem vaga=2660 fila max=6 vendas=2167&#xD;
  pads parciais:&#xD;
&#xD;
ouro/min por janela de 5 min: 0-5=78 5-10=258 10-15=446 15-20=453 20-25=805 25-30=968 30-35=950 35-40=970 40-45=944 45-50=943 50-55=949 55-60=947&#xD;
joalheiro=25:25 lupa=31:12 vitrine de joias=40:41 | tudo comprado=40:41 | joias/min: joalheria-&gt;joalheiro=5.7 joalheiro-&gt;lupa=7.0 depois de tudo=7.2 | bancada de joias sem lingote: antes do joalheiro=7% joalheiro-&gt;lupa=33% joalheiro-&gt;60 min=52% | joias=269 | baus abertos: 2:24 6:20 24:02 12:18&#xD;
&#xD;
NUnit Adapter 4.6.0.0: Test execution complete&#xD;
</StdOut>
    </Output>
  </ResultSummary>
</TestRun>